D_LCD.c:22:6:F_LCD_Init	24	static
D_LCD.c:31:6:F_LCD_begin	8	static
D_LCD.c:92:6:F_LCD_clear	8	static
D_LCD.c:96:6:F_LCD_home	8	static
D_LCD.c:100:6:F_LCD_setCursor	40	static
D_LCD.c:108:6:F_LCD_noDisplay	8	static
D_LCD.c:112:6:F_LCD_display	8	static
D_LCD.c:117:6:F_LCD_noCursor	8	static
D_LCD.c:121:6:F_LCD_cursor	8	static
D_LCD.c:126:6:F_LCD_noBlink	8	static
D_LCD.c:130:6:F_LCD_blink	8	static
D_LCD.c:135:6:F_LCD_scrollDisplayLeft	8	static
D_LCD.c:138:6:F_LCD_scrollDisplayRight	8	static
D_LCD.c:142:6:F_LCD_leftToRight	8	static
D_LCD.c:147:6:F_LCD_rightToLeft	8	static
D_LCD.c:152:6:F_LCD_autoscroll	8	static
D_LCD.c:157:6:F_LCD_noAutoscroll	8	static
D_LCD.c:163:6:F_LCD_createChar	24	static
D_LCD.c:171:6:F_LCD_noBacklight	8	static
D_LCD.c:175:6:F_LCD_backlight	8	static
D_LCD.c:179:9:F_LCD_getBacklight	4	static
D_LCD.c:185:6:F_LCD_command	16	static
D_LCD.c:188:6:F_LCD_write	16	static
D_LCD.c:191:6:F_LCD_printstr	24	static
D_LCD.c:200:6:F_LCD_PrintPosition	56	static
D_LCD.c:229:6:F_LCD_PrintSpeed	48	static
D_LCD.c:246:6:D_LCD_send	24	static
D_LCD.c:253:6:D_LCD_write4bits	16	static
D_LCD.c:257:6:D_LCD_expanderWrite	16	static
D_LCD.c:263:6:D_LCD_pulseEnable	16	static
D_LCD.c:270:6:D_LCD_load_custom_character	16	static
D_LCD.c:273:6:D_LCD_setBacklight	16	static
D_LCD.c:280:6:delayMicroseconds	32	static
