D_QEI.c:29:6:Init_QEI	8	static
D_QEI.c:38:6:F_QEI_Reset	8	static,ignoring_inline_asm
D_QEI.c:59:6:F_QEI_Read	8	static
D_QEI.c:85:6:F_QEI_XYTetaProcessing	32	static
D_QEI.c:95:6:F_QEI_getspeed	24	static
D_QEI.c:102:6:F_QEI_getEstimatedState	16	static
D_QEI.c:110:6:F_QEI_printEstimatedState	8	static
D_QEI.c:116:6:F_QEI_printEstimatedSpeed	16	static
D_QEI.c:124:6:F_QEI_printCounters	8	static
D_QEI.c:130:6:F_QEI_printCountersLCD	40	static
D_QEI.c:144:6:F_QEI_setLocalisation	24	static,ignoring_inline_asm
D_QEI.c:156:6:F_QEI_setPosition	24	static,ignoring_inline_asm
