i2c.c:31:6:MX_I2C1_Init	8	static
i2c.c:62:6:MX_I2C2_Init	8	static
i2c.c:93:6:HAL_I2C_MspInit	56	static
i2c.c:147:6:HAL_I2C_MspDeInit	16	static
i2c.c:198:5:Write_I2C1	32	static
i2c.c:249:5:F_I2C1_WriteRegister	24	static
i2c.c:291:5:F_I2C1_WriteValue	24	static,ignoring_inline_asm
i2c.c:334:5:F_I2C1_ReadRegister	24	static
i2c.c:391:5:F_I2C1_ReadMultipleRegister	32	static
i2c.c:463:9:F_I2C2_WriteRegister	24	static
i2c.c:513:5:F_I2C2_ReadRegister	24	static
i2c.c:577:9:F_I2C2_ReadRegisterVL53L1X	24	static
