core_cm4.h:1688:22:__NVIC_EnableIRQ	16	static
tim.c:33:6:MX_TIM2_Init	32	static
tim.c:72:6:MX_TIM3_Init	32	static
tim.c:104:6:MX_TIM4_Init	32	static
tim.c:154:6:MX_TIM13_Init	8	static
tim.c:170:6:HAL_TIM_IC_MspInit	56	static
tim.c:232:6:HAL_TIM_PWM_MspInit	24	static
tim.c:248:6:HAL_TIM_Base_MspInit	24	static
tim.c:267:6:HAL_TIM_MspPostInit	40	static
tim.c:296:6:HAL_TIM_IC_MspDeInit	16	static
tim.c:339:6:HAL_TIM_PWM_MspDeInit	16	static
tim.c:355:6:HAL_TIM_Base_MspDeInit	16	static
tim.c:376:6:F_TIM4_CH3_SetDC	24	static
tim.c:380:6:F_TIM4_CH4_SetDC	24	static
tim.c:392:6:Init_Timer9	8	static
tim.c:413:6:Init_Timer10	8	static
