core_cm4.h:1688:22:__NVIC_EnableIRQ	16	static
tim.c:33:6:MX_TIM2_Init	32	static
tim.c:69:6:MX_TIM3_Init	32	static
tim.c:105:6:MX_TIM4_Init	32	static
tim.c:155:6:MX_TIM13_Init	8	static
tim.c:171:6:HAL_TIM_IC_MspInit	56	static
tim.c:233:6:HAL_TIM_PWM_MspInit	24	static
tim.c:249:6:HAL_TIM_Base_MspInit	24	static
tim.c:268:6:HAL_TIM_MspPostInit	40	static
tim.c:297:6:HAL_TIM_IC_MspDeInit	16	static
tim.c:340:6:HAL_TIM_PWM_MspDeInit	16	static
tim.c:356:6:HAL_TIM_Base_MspDeInit	16	static
tim.c:377:6:F_TIM4_CH3_SetDC	24	static
tim.c:381:6:F_TIM4_CH4_SetDC	24	static
tim.c:393:6:Init_Timer9	8	static
tim.c:414:6:Init_Timer10	8	static
